// Jest Snapshot v1, https://goo.gl/fbAQLP

exports[`Component renders 1`] = `
<DocumentFragment>
  <div
    class="MuiGrid-root MuiGrid-container MuiGrid-spacing-xs-3 css-13mqtjd-MuiGrid-root"
  >
    <div
      class="MuiGrid-root MuiGrid-item css-13i4rnv-MuiGrid-root"
    >
      <h6
        class="MuiTypography-root MuiTypography-h6 css-2ulfj5-MuiTypography-root"
      >
        Test Title page
      </h6>
    </div>
  </div>
</DocumentFragment>
`;
