// Jest Snapshot v1, https://goo.gl/fbAQLP

exports[`Test for the Upload Feeds page successful creation of the feed 1`] = `
<DocumentFragment>
  <div
    class="MuiContainer-root MuiContainer-maxWidthMd css-xdmu94-MuiContainer-root"
  >
    <div
      class="MuiGrid-root MuiGrid-container MuiGrid-spacing-xs-3 css-13mqtjd-MuiGrid-root"
    >
      <div
        class="MuiGrid-root MuiGrid-item css-13i4rnv-MuiGrid-root"
      >
        <h6
          class="MuiTypography-root MuiTypography-h6 css-2ulfj5-MuiTypography-root"
        >
          Upload Feeds
        </h6>
      </div>
    </div>
    <div
      class="MuiGrid-root MuiGrid-container MuiGrid-spacing-xs-3 css-zow5z4-MuiGrid-root"
    >
      <div
        class="MuiGrid-root MuiGrid-container MuiGrid-item css-1f064cs-MuiGrid-root"
      >
        <div
          class="MuiGrid-root MuiGrid-container MuiGrid-spacing-xs-3 css-18ksmt-MuiGrid-root"
        >
          <div
            class="MuiGrid-root MuiGrid-item MuiGrid-grid-xs-4 css-gj1fbr-MuiGrid-root"
          >
            <label
              aria-label="Uploading only the Json Listing Feeds is supported for now"
              class="MuiFormLabel-root MuiInputLabel-root MuiInputLabel-animated MuiFormLabel-colorPrimary MuiInputLabel-root MuiInputLabel-animated css-9npbnl-MuiFormLabel-root-MuiInputLabel-root"
              data-mui-internal-clone-element="true"
              for="feedTypeDropDown"
            >
              Choose Feed Type
            </label>
          </div>
          <div
            class="MuiGrid-root MuiGrid-item MuiGrid-grid-xs-8 css-vok43g-MuiGrid-root"
          >
            <div
              aria-label="Uploading only the Json Listing Feeds is supported for now"
              class="MuiInputBase-root MuiOutlinedInput-root MuiInputBase-colorPrimary Mui-disabled MuiInputBase-sizeSmall  css-1yk1gt9-MuiInputBase-root-MuiOutlinedInput-root-MuiSelect-root"
              data-mui-internal-clone-element="true"
              data-testid="feedTypeDropDown"
            >
              <div
                aria-disabled="true"
                aria-expanded="false"
                aria-haspopup="listbox"
                aria-labelledby="feedTypeDropDown"
                class="MuiSelect-select MuiSelect-outlined Mui-disabled MuiInputBase-input MuiOutlinedInput-input Mui-disabled MuiInputBase-inputSizeSmall css-jedpe8-MuiSelect-select-MuiInputBase-input-MuiOutlinedInput-input"
                id="feedTypeDropDown"
                role="button"
              >
                JSON_LISTINGS_FEED
              </div>
              <input
                aria-hidden="true"
                aria-invalid="false"
                class="MuiSelect-nativeInput css-yf8vq0-MuiSelect-nativeInput"
                disabled=""
                tabindex="-1"
                value="JSON_LISTINGS_FEED"
              />
              <svg
                aria-hidden="true"
                class="MuiSvgIcon-root MuiSvgIcon-fontSizeMedium MuiSelect-icon MuiSelect-iconOutlined Mui-disabled css-hfutr2-MuiSvgIcon-root-MuiSelect-icon"
                data-testid="ArrowDropDownIcon"
                focusable="false"
                viewBox="0 0 24 24"
              >
                <path
                  d="M7 10l5 5 5-5z"
                />
              </svg>
              <fieldset
                aria-hidden="true"
                class="MuiOutlinedInput-notchedOutline css-1d3z3hw-MuiOutlinedInput-notchedOutline"
              >
                <legend
                  class="css-ihdtdm"
                >
                  <span
                    class="notranslate"
                  >
                    ​
                  </span>
                </legend>
              </fieldset>
            </div>
          </div>
        </div>
      </div>
      <div
        class="MuiGrid-root MuiGrid-container MuiGrid-item css-1f064cs-MuiGrid-root"
      >
        <div
          class="MuiGrid-root MuiGrid-container MuiGrid-spacing-xs-3 css-18ksmt-MuiGrid-root"
        >
          <div
            class="MuiGrid-root MuiGrid-item MuiGrid-grid-xs-4 css-gj1fbr-MuiGrid-root"
          >
            <label
              aria-label="Click the button to choose a Json Listings Feed file. The maximum size of the file is : 200000 bytes"
              class="MuiFormLabel-root MuiInputLabel-root MuiInputLabel-animated MuiFormLabel-colorPrimary MuiInputLabel-root MuiInputLabel-animated css-9npbnl-MuiFormLabel-root-MuiInputLabel-root"
              data-mui-internal-clone-element="true"
              for="fileChooser"
            >
              Upload the feed
            </label>
          </div>
          <div
            class="MuiGrid-root MuiGrid-item MuiGrid-grid-xs-8 css-vok43g-MuiGrid-root"
          >
            <span
              aria-label="Click the button to choose a Json Listings Feed file. The maximum size of the file is : 200000 bytes"
              class=""
              data-mui-internal-clone-element="true"
            >
              <label
                class="MuiButtonBase-root MuiButton-root MuiButton-contained MuiButton-containedPrimary MuiButton-sizeMedium MuiButton-containedSizeMedium MuiButton-root MuiButton-contained MuiButton-containedPrimary MuiButton-sizeMedium MuiButton-containedSizeMedium css-sghohy-MuiButtonBase-root-MuiButton-root"
                id="fileChooser"
                role="button"
                tabindex="0"
              >
                Choose File
                <input
                  accept="application/json"
                  data-testid="hiddenFileInput"
                  hidden=""
                  type="file"
                />
                <span
                  class="MuiTouchRipple-root css-8je8zh-MuiTouchRipple-root"
                />
              </label>
            </span>
            <p
              class="MuiTypography-root MuiTypography-body1 css-ahj2mt-MuiTypography-root"
            >
              feed.json
            </p>
          </div>
        </div>
      </div>
      <div
        class="MuiGrid-root MuiGrid-container MuiGrid-item css-1f064cs-MuiGrid-root"
      >
        <div
          class="MuiGrid-root MuiGrid-container MuiGrid-spacing-xs-3 css-18ksmt-MuiGrid-root"
        >
          <div
            class="MuiGrid-root MuiGrid-item MuiGrid-grid-xs-4 css-gj1fbr-MuiGrid-root"
          >
            <label
              aria-label="You can edit the chosen file content here before submission to Amazon"
              class="MuiFormLabel-root MuiInputLabel-root MuiInputLabel-animated MuiFormLabel-colorPrimary MuiInputLabel-root MuiInputLabel-animated css-9npbnl-MuiFormLabel-root-MuiInputLabel-root"
              data-mui-internal-clone-element="true"
              for="feedContent"
            >
              Feed Content
            </label>
          </div>
          <div
            class="MuiGrid-root MuiGrid-item MuiGrid-grid-xs-8 css-vok43g-MuiGrid-root"
          >
            <div
              aria-label="You can edit the chosen file content here before submission to Amazon"
              class="MuiFormControl-root MuiFormControl-marginNormal MuiFormControl-fullWidth MuiTextField-root css-17vbkzs-MuiFormControl-root-MuiTextField-root"
              data-mui-internal-clone-element="true"
            >
              <div
                class="MuiInputBase-root MuiOutlinedInput-root MuiInputBase-colorPrimary MuiInputBase-fullWidth MuiInputBase-formControl MuiInputBase-sizeSmall MuiInputBase-multiline css-z1o969-MuiInputBase-root-MuiOutlinedInput-root"
              >
                <textarea
                  aria-invalid="false"
                  class="MuiInputBase-input MuiOutlinedInput-input MuiInputBase-inputMultiline MuiInputBase-inputSizeSmall css-12tl3rr-MuiInputBase-input-MuiOutlinedInput-input"
                  id="feedContent"
                  name="Feed Content"
                  required=""
                  style="height: 0px; overflow: hidden;"
                >
                  Json
                </textarea>
                <textarea
                  aria-hidden="true"
                  class="MuiInputBase-input MuiOutlinedInput-input MuiInputBase-inputMultiline MuiInputBase-inputSizeSmall css-12tl3rr-MuiInputBase-input-MuiOutlinedInput-input"
                  readonly=""
                  style="visibility: hidden; position: absolute; overflow: hidden; height: 0px; top: 0px; left: 0px; transform: translateZ(0); padding-top: 0px; padding-bottom: 0px; width: 100%;"
                  tabindex="-1"
                />
                <fieldset
                  aria-hidden="true"
                  class="MuiOutlinedInput-notchedOutline css-1d3z3hw-MuiOutlinedInput-notchedOutline"
                >
                  <legend
                    class="css-ihdtdm"
                  >
                    <span
                      class="notranslate"
                    >
                      ​
                    </span>
                  </legend>
                </fieldset>
              </div>
            </div>
          </div>
        </div>
      </div>
      <div
        class="MuiGrid-root MuiGrid-container MuiGrid-item css-1f064cs-MuiGrid-root"
      >
        <span
          aria-label="Click the button to submit the feed content to Amazon"
          class=""
          data-mui-internal-clone-element="true"
        >
          <button
            class="MuiButtonBase-root MuiButton-root MuiButton-contained MuiButton-containedPrimary MuiButton-sizeMedium MuiButton-containedSizeMedium MuiButton-root MuiButton-contained MuiButton-containedPrimary MuiButton-sizeMedium MuiButton-containedSizeMedium css-sghohy-MuiButtonBase-root-MuiButton-root"
            data-testid="submitFeed"
            id="submitFeed"
            tabindex="0"
            type="button"
          >
            Submit
            <span
              class="MuiTouchRipple-root css-8je8zh-MuiTouchRipple-root"
            />
          </button>
        </span>
        <div />
      </div>
    </div>
  </div>
</DocumentFragment>
`;

exports[`Test for the Upload Feeds page successful creation of the feed 2`] = `
<div
  class="MuiDialog-root MuiModal-root css-zw3mfo-MuiModal-root-MuiDialog-root"
  data-testid="alertDialog"
  role="presentation"
>
  <div
    aria-hidden="true"
    class="MuiBackdrop-root MuiModal-backdrop css-yiavyu-MuiBackdrop-root-MuiDialog-backdrop"
    style="opacity: 1; webkit-transition: opacity 225ms cubic-bezier(0.4, 0, 0.2, 1) 0ms; transition: opacity 225ms cubic-bezier(0.4, 0, 0.2, 1) 0ms;"
  />
  <div
    data-testid="sentinelStart"
    tabindex="0"
  />
  <div
    class="MuiDialog-container MuiDialog-scrollPaper css-hz1bth-MuiDialog-container"
    role="presentation"
    style="opacity: 1; webkit-transition: opacity 225ms cubic-bezier(0.4, 0, 0.2, 1) 0ms; transition: opacity 225ms cubic-bezier(0.4, 0, 0.2, 1) 0ms;"
    tabindex="-1"
  >
    <div
      aria-labelledby=":r8:"
      class="MuiPaper-root MuiPaper-elevation MuiPaper-rounded MuiPaper-elevation24 MuiDialog-paper MuiDialog-paperScrollPaper MuiDialog-paperWidthSm css-1t1j96h-MuiPaper-root-MuiDialog-paper"
      role="dialog"
    >
      <h2
        class="MuiTypography-root MuiTypography-h6 MuiDialogTitle-root css-bdhsul-MuiTypography-root-MuiDialogTitle-root"
        id=":r8:"
      >
        Success
      </h2>
      <div
        class="MuiDialogContent-root css-ypiqx9-MuiDialogContent-root"
      >
        <p
          class="MuiTypography-root MuiDialogContentText-root MuiTypography-body1 MuiDialogContentText-root css-qfso29-MuiTypography-root-MuiDialogContentText-root"
        >
          The feed was successfully submitted to Amazon. The feed submission Id is 12345
        </p>
      </div>
      <div
        class="MuiDialogActions-root MuiDialogActions-spacing css-hlj6pa-MuiDialogActions-root"
      >
        <button
          class="MuiButtonBase-root MuiButton-root MuiButton-text MuiButton-textPrimary MuiButton-sizeMedium MuiButton-textSizeMedium MuiButton-root MuiButton-text MuiButton-textPrimary MuiButton-sizeMedium MuiButton-textSizeMedium css-1e6y48t-MuiButtonBase-root-MuiButton-root"
          data-testid="cancelAlertDialog"
          tabindex="0"
          type="button"
        >
          Close
          <span
            class="MuiTouchRipple-root css-8je8zh-MuiTouchRipple-root"
          />
        </button>
      </div>
    </div>
  </div>
  <div
    data-testid="sentinelEnd"
    tabindex="0"
  />
</div>
`;
